<table class="Test_Table">
    <thead>
        <tr>
            <th colspan="2">Test Table</th>
        </tr>
    </thead>
    <tbody>
        <tr>
            <td class="role">Producer</td>
            <td class="name">Alice</td>
        </tr>
        <tr>
            <td class="role">Director</td>
            <td class="name">Bob</td>
        </tr>
    </tbody>
</table>