<table class="Test_Table_2">
    <thead>
        <tr>
            <th colspan="2">Test Table 2</th>
        </tr>
    </thead>
    <tbody>
        <tr>
            <td class="role">Producer</td>
            <td class="name">Carol</td>
        </tr>
        <tr>
            <td class="role">Director</td>
            <td class="name">Dave</td>
        </tr>
    </tbody>
</table>